\BOOKMARK [1][-]{section.1}{\376\377\0001\000.\000\040\000I\000n\000t\000r\000o}{}% 1
\BOOKMARK [1][-]{section.2}{\376\377\0002\000.\000\040\000D\000a\000t\000a\000\040\000\046\000\040\000D\000a\000t\000a\000\040\000P\000r\000o\000c\000e\000s\000s\000i\000n\000g}{}% 2
\BOOKMARK [2][-]{subsection.2.1}{\376\377\000D\000a\000t\000a\000\040\000u\000s\000e\000d}{section.2}% 3
\BOOKMARK [2][-]{subsection.2.2}{\376\377\000P\000r\000o\000c\000e\000s\000s\000i\000n\000g\000\040\000s\000t\000e\000p\000s}{section.2}% 4
\BOOKMARK [1][-]{section.3}{\376\377\0003\000.\000\040\000M\000e\000t\000h\000o\000d\000s}{}% 5
\BOOKMARK [2][-]{subsection.3.1}{\376\377\000O\000v\000e\000r\000v\000i\000e\000w}{section.3}% 6
\BOOKMARK [2][-]{subsection.3.2}{\376\377\000E\000v\000e\000n\000t\000E\000n\000c\000o\000d\000e\000r}{section.3}% 7
\BOOKMARK [2][-]{subsection.3.3}{\376\377\000P\000l\000a\000y\000e\000r\000B\000E\000R\000T}{section.3}% 8
\BOOKMARK [2][-]{subsection.3.4}{\376\377\000E\000v\000e\000n\000t\000-\000T\000y\000p\000e\000\040\000P\000l\000a\000y\000e\000r\000\040\000S\000i\000m\000i\000l\000a\000r\000i\000t\000y}{section.3}% 9
\BOOKMARK [1][-]{section.4}{\376\377\0004\000.\000\040\000R\000e\000s\000u\000l\000t\000s}{}% 10
\BOOKMARK [2][-]{subsection.4.1}{\376\377\000B\000u\000i\000l\000t\000\040\000c\000a\000c\000h\000e\000\040\000s\000u\000m\000m\000a\000r\000y}{section.4}% 11
\BOOKMARK [2][-]{subsection.4.2}{\376\377\000E\000v\000e\000n\000t\000-\000t\000y\000p\000e\000\040\000d\000i\000s\000t\000r\000i\000b\000u\000t\000i\000o\000n}{section.4}% 12
\BOOKMARK [2][-]{subsection.4.3}{\376\377\000S\000u\000p\000p\000o\000r\000t\000\040\000d\000i\000s\000t\000r\000i\000b\000u\000t\000i\000o\000n\000\040\000a\000c\000r\000o\000s\000s\000\040\000p\000r\000o\000f\000i\000l\000e\000s}{section.4}% 13
\BOOKMARK [2][-]{subsection.4.4}{\376\377\000E\000x\000a\000m\000p\000l\000e\000\040\000r\000e\000t\000r\000i\000e\000v\000a\000l\000\040\000r\000e\000s\000u\000l\000t}{section.4}% 14
\BOOKMARK [1][-]{section.5}{\376\377\0005\000.\000\040\000W\000h\000a\000t\000\040\000c\000o\000m\000e\000s\000\040\000n\000e\000x\000t\000?}{}% 15
\BOOKMARK [1][-]{appendix.A}{\376\377\0006\000.\000\040\000A\000p\000p\000e\000n\000d\000i\000x\000:\000\040\000t\000e\000c\000h\000n\000i\000c\000a\000l\000\040\000a\000s\000p\000e\000c\000t\000s\000\040\000o\000f\000\040\000t\000h\000e\000\040\000m\000e\000t\000h\000o\000d\000s}{}% 16
\BOOKMARK [2][-]{subsection.A.1}{\376\377\000A\000s\000s\000u\000m\000p\000t\000i\000o\000n\000s\000\040\000b\000e\000h\000i\000n\000d\000\040\000d\000a\000t\000a\000\040\000p\000r\000o\000c\000e\000s\000s\000i\000n\000g}{appendix.A}% 17
\BOOKMARK [2][-]{subsection.A.2}{\376\377\000A\000s\000s\000u\000m\000p\000t\000i\000o\000n\000s\000\040\000b\000e\000h\000i\000n\000d\000\040\000t\000h\000e\000\040\000m\000o\000d\000e\000l\000s}{appendix.A}% 18
\BOOKMARK [2][-]{subsection.A.3}{\376\377\000A\000l\000i\000g\000n\000m\000e\000n\000t\000\040\000b\000e\000t\000w\000e\000e\000n\000\040\000m\000o\000d\000e\000l\000i\000n\000g\000\040\000a\000n\000d\000\040\000p\000r\000o\000c\000e\000s\000s\000e\000d\000\040\000d\000a\000t\000a}{appendix.A}% 19
\BOOKMARK [2][-]{subsection.A.4}{\376\377\000M\000o\000d\000e\000l\000\040\000a\000n\000d\000\040\000d\000a\000t\000a\000\040\000l\000i\000m\000i\000t\000a\000t\000i\000o\000n\000s}{appendix.A}% 20
